main.c:90:5:_8u16	16	static
main.c:159:5:_write	24	static
main.c:172:6:LED_LOOK	8	static
main.c:190:6:Delay_us	24	static,ignoring_inline_asm
main.c:223:5:S_Wire_Func	40	static
main.c:294:5:S_Wire_Test	32	static
main.c:335:6:Boot_Message	8	static
main.c:363:6:DeviceSet	8	static
main.c:400:6:VCP_Transmit_Packet	16	static
main.c:417:6:i2c_task	24	static
main.c:452:6:VCP_Receive_Packet	8	static
main.c:498:5:main	8	static
main.c:545:6:SystemClock_Config	88	static
main.c:590:13:MX_USART2_UART_Init	8	static
main.c:627:13:MX_GPIO_Init	48	static
main.c:691:6:HAL_GPIO_EXTI_Callback	24	static
main.c:713:6:HAL_UART_RxCpltCallback	24	static
main.c:744:6:HAL_UART_TxCpltCallback	16	static
main.c:755:6:Error_Handler	4	static,ignoring_inline_asm
